begin
____1
:=
____a
end

begin
(
__foo
end

begin
(
__foo
end
