Syntax error. Expected 'end' but '.' found: line = 5 pos = 1
