begin
10.000000
:=
     ____x
____.
          ____1
     ____[
          ____a
end
