begin
for i
____1
to
____5
for j
     ____1
___to
     ___10
               ____j
          ____*
               ____i
     ___:=
               ____j
               ____i
          ____[
               ____a
end
