begin
____1
:=
____a
if
____a
then
          ____1
     ____-
___:=
     ____a
end
