begin
for i
____0
to
___10
     ____1
___:=
     ____a
end
