begin
___10
:=
____i
while
     ____0
____>
     ____i
begin
          ____1
     ____-
          ____i
___:=
     ____i
          ____a
     ____*
          ____i
___:=
     ____a
__end
end

begin
____1
:=
____a
for i
____1
to
___15
____(
     __foo
end
