               ____2
          ____-
     ____-
____-
-
                    ____3
               ____-
          ____-
     ____-
____-
