Syntax error. Expected 'identifier' but '1' found: line = 1 pos = 3
