               ____c
          ____+
                    ____b
               ____*
                    ____a
     ____-
___<>
     ____d
not
