____a
.
          ____2
               ____1
          ____+
               ____1
     ____(
          ____e
          ____2
     ____[
                    ____c
               ____.
                    ____b
                    ____1
               ____[
                    ____a
          ____(
               ____g
____(
     ____f
