               ____a
          ____+
     ____-
____-
+
