Syntax error. Expected ']' but ',' found: line = 1 pos = 7
