Syntax error. Illegal expression: line = 1 pos = 2
