Syntax error. Expected ',' but '2' found: line = 1 pos = 5
