Syntax error. Expected ';' but 'end' found: line = 4 pos = 5
