Syntax error. Expected ')' but 'b' found: line = 1 pos = 26
