integer                  type 
float                    type 
char                     type 
b                 const float               1
