integer                  type 
float                    type 
char                     type 
foo                       proc
args:          
     a                   var param         integer
locals:        
