Syntax error. Expected 'of' but '1' found: line = 2 pos = 15
