Syntax error. Expected 'const integer' but 'const float' found: line = 2 pos = 12
