integer                  type 
float                    type 
char                     type 
start               const int              10
int                type alias         integer
point              type alias          record
     x                         var           float
     y                         var           float
a                         var array[10..30] of array[1..3] of integer
