integer                  type 
float                    type 
char                     type 
a                   const int               1
