Syntax error. Expected '..' but ';' found: line = 4 pos = 9
