integer                  type 
float                    type 
char                     type 
p                         var pointer integer
