integer                  type 
float                    type 
char                     type 
a                  type alias  subrange 1..10
