Syntax error. Expected 'identifier' but ',' found: line = 2 pos = 7
