Syntax error. Expected '=' but 'integer' found: line = 2 pos = 7
