Syntax error. Expected ',' but 'b' found: line = 2 pos = 7
