Syntax error. Expected ';' but 'end of file' found: line = 4 pos = 8
