1    1   integer number  %110101              53
1    9   integer number  %000                 0
