1    1   integer number  90                   90
1    11  integer number  23                   23
