1    1   reserved word   begin                begin
