1    1   real number     0.1                  0.100000
