1    1   real number     11e2                 1100.000000
