1    1   identifier      _a444b               _a444b
1    8   identifier      qwer123_12           qwer123_12
2    2   identifier      aaa                  aaa
2    5   delimiter       ;                    ;
2    6   identifier      bb                   bb
