1    1   real number     99999e-10            0.000010
2    1   real number     3e-2                 0.030000
