1    1   identifier      a                    a
1    3   operation       :=                   :=
1    6   integer number  12                   12
1    9   operation       *                    *
1    11  integer number  3                    3
1    12  delimiter       ;                    ;
